------------------------------------------------------------
TimeQuest Timing Analyzer Summary
------------------------------------------------------------

Type  : Slow 1200mV 85C Model Setup 'sys_clk'
Slack : -4.361
TNS   : -13.324

Type  : Slow 1200mV 85C Model Setup 'clk_div:u_clk_div|lcd_pclk'
Slack : -2.786
TNS   : -46.775

Type  : Slow 1200mV 85C Model Hold 'sys_clk'
Slack : 0.126
TNS   : 0.000

Type  : Slow 1200mV 85C Model Hold 'clk_div:u_clk_div|lcd_pclk'
Slack : 0.488
TNS   : 0.000

Type  : Slow 1200mV 85C Model Minimum Pulse Width 'sys_clk'
Slack : -3.000
TNS   : -10.435

Type  : Slow 1200mV 85C Model Minimum Pulse Width 'clk_div:u_clk_div|lcd_pclk'
Slack : -1.487
TNS   : -35.688

Type  : Slow 1200mV 0C Model Setup 'sys_clk'
Slack : -3.905
TNS   : -11.899

Type  : Slow 1200mV 0C Model Setup 'clk_div:u_clk_div|lcd_pclk'
Slack : -2.540
TNS   : -41.732

Type  : Slow 1200mV 0C Model Hold 'sys_clk'
Slack : 0.198
TNS   : 0.000

Type  : Slow 1200mV 0C Model Hold 'clk_div:u_clk_div|lcd_pclk'
Slack : 0.449
TNS   : 0.000

Type  : Slow 1200mV 0C Model Minimum Pulse Width 'sys_clk'
Slack : -3.000
TNS   : -10.435

Type  : Slow 1200mV 0C Model Minimum Pulse Width 'clk_div:u_clk_div|lcd_pclk'
Slack : -1.487
TNS   : -35.688

Type  : Fast 1200mV 0C Model Setup 'sys_clk'
Slack : -1.315
TNS   : -3.876

Type  : Fast 1200mV 0C Model Setup 'clk_div:u_clk_div|lcd_pclk'
Slack : -0.599
TNS   : -7.177

Type  : Fast 1200mV 0C Model Hold 'sys_clk'
Slack : -0.059
TNS   : -0.059

Type  : Fast 1200mV 0C Model Hold 'clk_div:u_clk_div|lcd_pclk'
Slack : 0.195
TNS   : 0.000

Type  : Fast 1200mV 0C Model Minimum Pulse Width 'sys_clk'
Slack : -3.000
TNS   : -8.320

Type  : Fast 1200mV 0C Model Minimum Pulse Width 'clk_div:u_clk_div|lcd_pclk'
Slack : -1.000
TNS   : -24.000

------------------------------------------------------------
